\BOOKMARK [1][-]{section.1}{\376\377\225\356\230\230\143\317\217\360\116\016\136\372\152\041\217\271\165\114}{}% 1
\BOOKMARK [1][-]{section.2}{\376\377\170\156\133\232\140\047\127\372\170\100\152\041\127\213\166\204\122\006\153\145\136\372\152\041}{}% 2
\BOOKMARK [2][-]{subsection.2.1}{\376\377\000S\000t\000e\000p\000\040\0001\377\032\147\050\127\127\166\370\121\163\134\136\140\047\136\372\152\041}{section.2}% 3
\BOOKMARK [2][-]{subsection.2.2}{\376\377\000S\000t\000e\000p\000\040\0002\377\032\213\276\131\007\166\370\121\163\134\136\140\047\136\372\152\041}{section.2}% 4
\BOOKMARK [2][-]{subsection.2.3}{\376\377\000S\000t\000e\000p\000\040\0003\377\032\210\302\177\035\121\163\174\373\136\372\152\041}{section.2}% 5
\BOOKMARK [2][-]{subsection.2.4}{\376\377\000S\000t\000e\000p\000\040\0004\377\032\147\050\127\127\116\016\213\276\131\007\122\006\221\115\121\163\174\373\136\372\152\041}{section.2}% 6
\BOOKMARK [2][-]{subsection.2.5}{\376\377\000S\000t\000e\000p\000\040\0005\377\032\130\236\120\074\116\016\143\137\131\061\116\367\120\074\136\372\152\041}{section.2}% 7
\BOOKMARK [2][-]{subsection.2.6}{\376\377\000S\000t\000e\000p\000\040\0006\377\032\166\356\150\007\121\375\145\160\116\016\176\246\147\137\154\107\140\073}{section.2}% 8
\BOOKMARK [1][-]{section.3}{\376\377\116\015\170\156\133\232\126\340\175\040\123\312\140\305\146\157\210\150\171\072}{}% 9
\BOOKMARK [2][-]{subsection.3.1}{\376\377\140\305\146\157\226\306\124\010}{section.3}% 10
\BOOKMARK [2][-]{subsection.3.2}{\376\377\213\276\131\007\145\105\226\234\116\016\140\047\200\375\116\013\226\115}{section.3}% 11
\BOOKMARK [2][-]{subsection.3.3}{\376\377\226\220\205\317\210\302\177\035}{section.3}% 12
\BOOKMARK [1][-]{section.4}{\376\377\156\332\122\250\162\266\140\001\122\022\122\006\116\016\116\015\123\357\217\154\171\373\176\246\147\137}{}% 13
\BOOKMARK [2][-]{subsection.4.1}{\376\377\156\332\122\250\145\366\122\073\166\204\116\011\174\173\147\050\127\127}{section.4}% 14
\BOOKMARK [2][-]{subsection.4.2}{\376\377\156\332\122\250\121\263\173\126\123\330\221\317}{section.4}% 15
\BOOKMARK [2][-]{subsection.4.3}{\376\377\135\362\133\214\142\020\147\050\127\127\117\335\143\001\116\015\123\330}{section.4}% 16
\BOOKMARK [2][-]{subsection.4.4}{\376\377\153\143\127\050\122\240\135\345\147\050\127\127\116\015\137\227\217\154\171\373}{section.4}% 17
\BOOKMARK [2][-]{subsection.4.5}{\376\377\123\352\147\011\147\052\137\000\131\313\147\050\127\127\123\357\116\345\221\315\145\260\122\006\221\115}{section.4}% 18
\BOOKMARK [1][-]{section.5}{\376\377\140\305\146\157\116\013\166\204\122\151\117\131\122\240\135\345\200\375\122\233\176\246\147\137}{}% 19
\BOOKMARK [1][-]{section.6}{\376\377\140\305\146\157\116\367\120\074\116\016\166\370\220\273\176\304\124\010\121\163\174\373}{}% 20
\BOOKMARK [2][-]{subsection.6.1}{\376\377\166\370\220\273\162\266\140\001\166\204\176\277\140\047\123\026}{section.6}% 21
\BOOKMARK [2][-]{subsection.6.2}{\376\377\140\305\146\157\140\073\116\367\120\074}{section.6}% 22
\BOOKMARK [1][-]{section.7}{\376\377\117\341\140\157\123\357\137\227\140\047\116\016\227\136\230\204\211\301\140\047}{}% 23
\BOOKMARK [1][-]{section.8}{\376\377\147\037\147\033\145\066\166\312\116\016\147\000\127\117\140\305\146\157\200\124\124\010\117\030\123\026}{}% 24
\BOOKMARK [1][-]{section.9}{\376\377\156\332\122\250\226\217\147\072\155\367\124\010\145\164\145\160\211\304\122\022\152\041\127\213}{}% 25
\BOOKMARK [1][-]{section.10}{\376\377\156\332\122\250\154\102\211\343\155\101\172\013}{}% 26
\BOOKMARK [1][-]{section.11}{\376\377\133\236\232\214\213\276\213\241\116\016\213\304\116\367\143\007\150\007}{}% 27
\BOOKMARK [2][-]{subsection.11.1}{\376\377\170\156\133\232\140\047\127\372\170\100\133\236\232\214}{section.11}% 28
\BOOKMARK [2][-]{subsection.11.2}{\376\377\116\015\170\156\133\232\140\047\142\151\134\125\133\236\232\214}{section.11}% 29
\BOOKMARK [1][-]{section.12}{\376\377\152\041\127\213\140\047\215\050\116\016\154\350\141\017\116\213\230\171}{}% 30
\BOOKMARK [2][-]{subsection.12.1}{\376\377\131\015\147\102\140\047\147\145\156\220}{section.12}% 31
\BOOKMARK [2][-]{subsection.12.2}{\376\377\220\177\121\115\117\177\165\050\147\052\147\145\117\341\140\157}{section.12}% 32
\BOOKMARK [2][-]{subsection.12.3}{\376\377\153\143\127\050\122\240\135\345\147\050\127\127\166\204\131\004\164\006}{section.12}% 33
\BOOKMARK [2][-]{subsection.12.4}{\376\377\126\372\133\232\210\302\177\035\143\137\131\061\116\016\121\263\173\126\166\370\121\163\137\161\124\315}{section.12}% 34
\BOOKMARK [2][-]{subsection.12.5}{\376\377\152\041\127\213\220\002\165\050\203\003\126\364}{section.12}% 35
\BOOKMARK [1][-]{section.13}{\376\377\176\323\213\272}{}% 36
