Welcome to the CBC MILP Solver 
Version: 2.10.3 
Build Date: Dec 15 2019 

command line - C:\Users\25628\AppData\Roaming\Python\Python38\site-packages\pulp\apis\../solverdir/cbc/win/i64/cbc.exe C:\Users\25628\AppData\Local\Temp\7948b31e6dc94c669a09332ec4dcb755-pulp.mps -max -timeMode elapsed -branch -printingOptions all -solution C:\Users\25628\AppData\Local\Temp\7948b31e6dc94c669a09332ec4dcb755-pulp.sol (default strategy 1)
At line 2 NAME          MODEL
At line 3 ROWS
At line 61 COLUMNS
At line 379 RHS
At line 436 BOUNDS
At line 493 ENDATA
Problem MODEL has 56 rows, 56 columns and 179 elements
Coin0008I MODEL read with 0 errors
Option for timeMode changed from cpu to elapsed
Continuous objective value is 183.575 - 0.00 seconds
Cgl0003I 0 fixed, 0 tightened bounds, 8 strengthened rows, 0 substitutions
Cgl0003I 0 fixed, 0 tightened bounds, 2 strengthened rows, 0 substitutions
Cgl0003I 0 fixed, 0 tightened bounds, 2 strengthened rows, 0 substitutions
Cgl0003I 0 fixed, 0 tightened bounds, 1 strengthened rows, 0 substitutions
Cgl0003I 0 fixed, 0 tightened bounds, 2 strengthened rows, 0 substitutions
Cgl0003I 0 fixed, 0 tightened bounds, 2 strengthened rows, 0 substitutions
Cgl0003I 0 fixed, 0 tightened bounds, 1 strengthened rows, 0 substitutions
Cgl0004I processed model has 50 rows, 50 columns (50 integer (50 of which binary)) and 173 elements
Cutoff increment increased from 1e-05 to 0.7999
Cbc0038I Initial state - 26 integers unsatisfied sum - 8.46755
Cbc0038I Pass   1: suminf.    0.65814 (4) obj. -89.6818 iterations 12
Cbc0038I Pass   2: suminf.    0.65814 (4) obj. -89.6818 iterations 0
Cbc0038I Solution found of -57.6
Cbc0038I Before mini branch and bound, 21 integers at bound fixed and 0 continuous
Cbc0038I Full problem 50 rows 50 columns, reduced to 35 rows 20 columns
Cbc0038I Mini branch and bound did not improve solution (0.01 seconds)
Cbc0038I Round again with cutoff of -69.1466
Cbc0038I Pass   3: suminf.    0.65814 (4) obj. -89.6818 iterations 0
Cbc0038I Pass   4: suminf.    0.65814 (4) obj. -89.6818 iterations 0
Cbc0038I Pass   5: suminf.    0.79723 (2) obj. -69.1466 iterations 12
Cbc0038I Pass   6: suminf.    0.63871 (2) obj. -70.6683 iterations 4
Cbc0038I Pass   7: suminf.    0.79805 (4) obj. -69.1466 iterations 8
Cbc0038I Pass   8: suminf.    0.63871 (2) obj. -70.6683 iterations 8
Cbc0038I Pass   9: suminf.    5.00000 (11) obj. -109.911 iterations 14
Cbc0038I Pass  10: suminf.    0.99076 (2) obj. -86.3113 iterations 7
Cbc0038I Solution found of -76.8
Cbc0038I Before mini branch and bound, 11 integers at bound fixed and 0 continuous
Cbc0038I Full problem 50 rows 50 columns, reduced to 40 rows 34 columns
Cbc0038I Mini branch and bound improved solution from -76.8 to -124 (0.02 seconds)
Cbc0038I Round again with cutoff of -133.013
Cbc0038I Pass  11: suminf.    4.83818 (27) obj. -133.013 iterations 14
Cbc0038I Pass  12: suminf.    4.83818 (27) obj. -133.013 iterations 3
Cbc0038I Pass  13: suminf.    8.83333 (29) obj. -157.602 iterations 12
Cbc0038I Pass  14: suminf.    9.01109 (25) obj. -160 iterations 9
Cbc0038I Pass  15: suminf.    4.83818 (27) obj. -133.013 iterations 8
Cbc0038I Pass  16: suminf.    4.83818 (27) obj. -133.013 iterations 1
Cbc0038I Pass  17: suminf.    4.87367 (26) obj. -133.013 iterations 4
Cbc0038I Pass  18: suminf.    6.28620 (25) obj. -133.013 iterations 13
Cbc0038I Pass  19: suminf.    2.80341 (26) obj. -133.013 iterations 9
Cbc0038I Pass  20: suminf.    2.72819 (17) obj. -133.013 iterations 4
Cbc0038I Pass  21: suminf.    5.26301 (17) obj. -133.013 iterations 13
Cbc0038I Pass  22: suminf.    1.06112 (4) obj. -133.013 iterations 22
Cbc0038I Pass  23: suminf.    0.59918 (2) obj. -137.448 iterations 9
Cbc0038I Pass  24: suminf.    0.93888 (2) obj. -133.013 iterations 7
Cbc0038I Pass  25: suminf.    6.26668 (19) obj. -133.013 iterations 12
Cbc0038I Pass  26: suminf.    2.34053 (26) obj. -133.013 iterations 12
Cbc0038I Pass  27: suminf.    2.33941 (26) obj. -133.013 iterations 2
Cbc0038I Pass  28: suminf.    8.33333 (25) obj. -153.067 iterations 17
Cbc0038I Pass  29: suminf.    5.20644 (27) obj. -133.013 iterations 8
Cbc0038I Pass  30: suminf.    5.15775 (27) obj. -133.013 iterations 1
Cbc0038I Pass  31: suminf.    4.96020 (27) obj. -133.013 iterations 1
Cbc0038I Pass  32: suminf.    8.33333 (25) obj. -140.267 iterations 6
Cbc0038I Pass  33: suminf.    5.36374 (26) obj. -133.013 iterations 15
Cbc0038I Pass  34: suminf.    5.09004 (27) obj. -133.013 iterations 2
Cbc0038I Pass  35: suminf.    4.96020 (27) obj. -133.013 iterations 3
Cbc0038I Pass  36: suminf.    4.96020 (27) obj. -133.013 iterations 2
Cbc0038I Pass  37: suminf.    7.57089 (19) obj. -133.013 iterations 9
Cbc0038I Pass  38: suminf.    8.68998 (19) obj. -133.013 iterations 5
Cbc0038I Pass  39: suminf.    5.45869 (27) obj. -133.013 iterations 11
Cbc0038I Pass  40: suminf.    5.46366 (21) obj. -133.013 iterations 13
Cbc0038I No solution found this major pass
Cbc0038I Before mini branch and bound, 1 integers at bound fixed and 0 continuous
Cbc0038I Full problem 50 rows 50 columns, reduced to 50 rows 49 columns
Cbc0038I Mini branch and bound improved solution from -124 to -147.2 (0.03 seconds)
Cbc0038I Round again with cutoff of -153.36
Cbc0038I Reduced cost fixing fixed 6 variables on major pass 4
Cbc0038I Pass  40: suminf.    6.77420 (27) obj. -153.36 iterations 3
Cbc0038I Pass  41: suminf.    6.77420 (27) obj. -153.36 iterations 3
Cbc0038I Pass  42: suminf.    7.81427 (24) obj. -153.36 iterations 15
Cbc0038I Pass  43: suminf.    6.37531 (27) obj. -153.36 iterations 8
Cbc0038I Pass  44: suminf.    6.37531 (27) obj. -153.36 iterations 0
Cbc0038I Pass  45: suminf.    8.33333 (25) obj. -165.867 iterations 7
Cbc0038I Pass  46: suminf.    6.51007 (26) obj. -153.36 iterations 9
Cbc0038I Pass  47: suminf.    6.44497 (20) obj. -153.36 iterations 13
Cbc0038I Pass  48: suminf.    6.12584 (28) obj. -153.36 iterations 6
Cbc0038I Pass  49: suminf.    6.12584 (28) obj. -153.36 iterations 0
Cbc0038I Pass  50: suminf.    6.37531 (27) obj. -153.36 iterations 7
Cbc0038I Pass  51: suminf.    6.37531 (27) obj. -153.36 iterations 1
Cbc0038I Pass  52: suminf.    8.66667 (26) obj. -165.867 iterations 7
Cbc0038I Pass  53: suminf.    6.46797 (27) obj. -153.36 iterations 4
Cbc0038I Pass  54: suminf.    6.32872 (27) obj. -153.36 iterations 3
Cbc0038I Pass  55: suminf.    7.11051 (29) obj. -153.36 iterations 8
Cbc0038I Pass  56: suminf.    7.11051 (29) obj. -153.36 iterations 1
Cbc0038I Pass  57: suminf.    6.37531 (26) obj. -153.36 iterations 6
Cbc0038I Pass  58: suminf.    6.37531 (27) obj. -153.36 iterations 2
Cbc0038I Pass  59: suminf.    8.33333 (25) obj. -165.867 iterations 7
Cbc0038I Pass  60: suminf.    5.44074 (28) obj. -153.36 iterations 4
Cbc0038I Pass  61: suminf.    5.44074 (28) obj. -153.36 iterations 2
Cbc0038I Pass  62: suminf.    8.33333 (25) obj. -165.867 iterations 2
Cbc0038I Pass  63: suminf.    6.92835 (25) obj. -153.36 iterations 9
Cbc0038I Pass  64: suminf.    5.44074 (28) obj. -153.36 iterations 4
Cbc0038I Pass  65: suminf.    9.45593 (25) obj. -153.36 iterations 15
Cbc0038I Pass  66: suminf.    6.77420 (27) obj. -153.36 iterations 12
Cbc0038I Pass  67: suminf.    6.77420 (27) obj. -153.36 iterations 2
Cbc0038I Pass  68: suminf.    6.77420 (27) obj. -153.36 iterations 3
Cbc0038I Pass  69: suminf.    6.77420 (27) obj. -153.36 iterations 1
Cbc0038I No solution found this major pass
Cbc0038I Before mini branch and bound, 8 integers at bound fixed and 0 continuous
Cbc0038I Full problem 50 rows 50 columns, reduced to 46 rows 40 columns
Cbc0038I Mini branch and bound did not improve solution (0.04 seconds)
Cbc0038I After 0.04 seconds - Feasibility pump exiting with objective of -147.2 - took 0.03 seconds
Cbc0012I Integer solution of -147.2 found by feasibility pump after 0 iterations and 0 nodes (0.04 seconds)
Cbc0038I Full problem 50 rows 50 columns, reduced to 36 rows 23 columns
Cbc0031I 10 added rows had average density of 13.8
Cbc0013I At root node, 40 cuts changed objective from -165.86667 to -147.02981 in 2 passes
Cbc0014I Cut generator 0 (Probing) - 9 row cuts average 9.1 elements, 0 column cuts (0 active)  in 0.000 seconds - new frequency is 1
Cbc0014I Cut generator 1 (Gomory) - 19 row cuts average 25.3 elements, 0 column cuts (0 active)  in 0.001 seconds - new frequency is 1
Cbc0014I Cut generator 2 (Knapsack) - 2 row cuts average 4.5 elements, 0 column cuts (0 active)  in 0.000 seconds - new frequency is 1
Cbc0014I Cut generator 3 (Clique) - 0 row cuts average 0.0 elements, 0 column cuts (0 active)  in 0.000 seconds - new frequency is -100
Cbc0014I Cut generator 4 (MixedIntegerRounding2) - 0 row cuts average 0.0 elements, 0 column cuts (0 active)  in 0.000 seconds - new frequency is -100
Cbc0014I Cut generator 5 (FlowCover) - 0 row cuts average 0.0 elements, 0 column cuts (0 active)  in 0.000 seconds - new frequency is -100
Cbc0014I Cut generator 6 (TwoMirCuts) - 40 row cuts average 20.0 elements, 0 column cuts (0 active)  in 0.001 seconds - new frequency is -100
Cbc0001I Search completed - best objective -147.2, took 22 iterations and 0 nodes (0.05 seconds)
Cbc0035I Maximum depth 0, 8 variables fixed on reduced cost
Cuts at root node changed objective from -165.867 to -147.03
Probing was tried 2 times and created 9 cuts of which 0 were active after adding rounds of cuts (0.000 seconds)
Gomory was tried 2 times and created 19 cuts of which 0 were active after adding rounds of cuts (0.001 seconds)
Knapsack was tried 2 times and created 2 cuts of which 0 were active after adding rounds of cuts (0.000 seconds)
Clique was tried 2 times and created 0 cuts of which 0 were active after adding rounds of cuts (0.000 seconds)
MixedIntegerRounding2 was tried 2 times and created 0 cuts of which 0 were active after adding rounds of cuts (0.000 seconds)
FlowCover was tried 2 times and created 0 cuts of which 0 were active after adding rounds of cuts (0.000 seconds)
TwoMirCuts was tried 2 times and created 40 cuts of which 0 were active after adding rounds of cuts (0.001 seconds)
ZeroHalf was tried 1 times and created 0 cuts of which 0 were active after adding rounds of cuts (0.000 seconds)

Result - Optimal solution found

Objective value:                147.20000000
Enumerated nodes:               0
Total iterations:               22
Time (CPU seconds):             0.05
Time (Wallclock seconds):       0.05

Option for printingOptions changed from normal to all
Total time (CPU seconds):       0.07   (Wallclock seconds):       0.07

